<!DOCTYPE html>
<html>
<head>
    <title>Test Page</title>
</head>
<body>
    <!-- This is a hidden comment about GitHub. -->
    <div style="display:none;">
        This is a hidden div with the word GitHub.
    </div>
    <p>
        Visible content about GitHub.
    </p>
</body>
</html>
